+ set -eu
+ screen=editor
+ out=screenshots/editor-compact-dark.png
+ theme=dark
+ width=980
+ height=620
+++ dirname -- tools/capture_ui.sh
++ CDPATH=
++ cd -- tools/..
++ pwd
+ root=/__w/big-video-converter/big-video-converter
++ mktemp
+ ready=/tmp/tmp.RXvQBkMOhU
+ rm -f /tmp/tmp.RXvQBkMOhU
+ media=/__w/big-video-converter/big-video-converter/media
++ mktemp -d
+ export XDG_CONFIG_HOME=/tmp/tmp.8MnSOuma9p
+ XDG_CONFIG_HOME=/tmp/tmp.8MnSOuma9p
++ mktemp -d
+ export XDG_CACHE_HOME=/tmp/tmp.GK73eIWAES
+ XDG_CACHE_HOME=/tmp/tmp.GK73eIWAES
+ trap cleanup EXIT HUP INT TERM
+ pid=8047
+ python3 /__w/big-video-converter/big-video-converter/tools/ui_demo.py --screen editor --theme dark --width 980 --height 620 --media-dir /__w/big-video-converter/big-video-converter/media --ready /tmp/tmp.RXvQBkMOhU --auto-quit 30
++ seq 1 160
+ for _ in $(seq 1 160)
+ test -f /tmp/tmp.RXvQBkMOhU
+ kill -0 8047
+ sleep 0.1
+ for _ in $(seq 1 160)
+ test -f /tmp/tmp.RXvQBkMOhU
+ kill -0 8047
+ sleep 0.1
+ for _ in $(seq 1 160)
+ test -f /tmp/tmp.RXvQBkMOhU
+ kill -0 8047
+ sleep 0.1
+ for _ in $(seq 1 160)
+ test -f /tmp/tmp.RXvQBkMOhU
+ kill -0 8047
+ sleep 0.1
dbus-daemon[8039]: [session uid=0 pid=8039 pidfd=5] Activating service name='org.freedesktop.portal.Desktop' requested by ':1.2' (uid=0 pid=8047 comm="python3 /__w/big-video-converter/big-video-convert" label="docker-default (enforce)")
+ for _ in $(seq 1 160)
+ test -f /tmp/tmp.RXvQBkMOhU
+ kill -0 8047
+ sleep 0.1
dbus-daemon[8039]: [session uid=0 pid=8039 pidfd=5] Activating service name='org.freedesktop.impl.portal.PermissionStore' requested by ':1.3' (uid=0 pid=8069 comm="/usr/libexec/xdg-desktop-portal" label="docker-default (enforce)")
dbus-daemon[8039]: [session uid=0 pid=8039 pidfd=5] Successfully activated service 'org.freedesktop.impl.portal.PermissionStore'
dbus-daemon[8039]: [session uid=0 pid=8039 pidfd=5] Activating service name='org.freedesktop.portal.Documents' requested by ':1.3' (uid=0 pid=8069 comm="/usr/libexec/xdg-desktop-portal" label="docker-default (enforce)")
dbus-daemon[8039]: [session uid=0 pid=8039 pidfd=5] Successfully activated service 'org.freedesktop.portal.Documents'
fuse: device /dev/fuse not found. Kernel module not loaded?
error: fuse init failed: Can't mount path /github/home/.cache/doc

(/usr/libexec/xdg-desktop-portal:8069): xdg-desktop-portal-WARNING **: 08:09:36.730: Document portal fuse mount point unknown: GDBus.Error:org.freedesktop.DBus.Error.ServiceUnknown: The name :1.5 was not provided by any .service files

(/usr/libexec/xdg-desktop-portal:8069): xdg-desktop-portal-WARNING **: 08:09:36.730: Choosing gtk.portal for org.freedesktop.impl.portal.Access as a last-resort fallback
dbus-daemon[8039]: [session uid=0 pid=8039 pidfd=5] Activating service name='org.freedesktop.impl.portal.desktop.gtk' requested by ':1.3' (uid=0 pid=8069 comm="/usr/libexec/xdg-desktop-portal" label="docker-default (enforce)")

(xdg-desktop-portal-gtk:8089): xdg-desktop-portal-gtk-WARNING **: 08:09:36.749: error: Could not connect: No such file or directory

dbus-daemon[8039]: [session uid=0 pid=8039 pidfd=5] Successfully activated service 'org.freedesktop.impl.portal.desktop.gtk'

(/usr/libexec/xdg-desktop-portal:8069): xdg-desktop-portal-WARNING **: 08:09:36.760: Failed to create RealtimeKit proxy: Could not connect: No such file or directory

(/usr/libexec/xdg-desktop-portal:8069): xdg-desktop-portal-WARNING **: 08:09:36.760: Choosing gtk.portal for org.freedesktop.impl.portal.Settings as a last-resort fallback

(/usr/libexec/xdg-desktop-portal:8069): xdg-desktop-portal-WARNING **: 08:09:36.761: Choosing gtk.portal for org.freedesktop.impl.portal.FileChooser as a last-resort fallback

(/usr/libexec/xdg-desktop-portal:8069): xdg-desktop-portal-WARNING **: 08:09:36.762: Choosing gtk.portal for org.freedesktop.impl.portal.AppChooser as a last-resort fallback

(/usr/libexec/xdg-desktop-portal:8069): xdg-desktop-portal-WARNING **: 08:09:36.763: Choosing gtk.portal for org.freedesktop.impl.portal.Print as a last-resort fallback

(/usr/libexec/xdg-desktop-portal:8069): xdg-desktop-portal-WARNING **: 08:09:36.763: Choosing gtk.portal for org.freedesktop.impl.portal.Notification as a last-resort fallback

(/usr/libexec/xdg-desktop-portal:8069): xdg-desktop-portal-WARNING **: 08:09:36.764: Choosing gtk.portal for org.freedesktop.impl.portal.Inhibit as a last-resort fallback

(/usr/libexec/xdg-desktop-portal:8069): xdg-desktop-portal-WARNING **: 08:09:36.767: Failed to connect to PipeWire: Couldn't connect to PipeWire

(/usr/libexec/xdg-desktop-portal:8069): xdg-desktop-portal-WARNING **: 08:09:36.767: Choosing gtk.portal for org.freedesktop.impl.portal.Account as a last-resort fallback

(/usr/libexec/xdg-desktop-portal:8069): xdg-desktop-portal-WARNING **: 08:09:36.768: Choosing gtk.portal for org.freedesktop.impl.portal.Email as a last-resort fallback

(/usr/libexec/xdg-desktop-portal:8069): xdg-desktop-portal-WARNING **: 08:09:36.769: Choosing gtk.portal for org.freedesktop.impl.portal.DynamicLauncher as a last-resort fallback
dbus-daemon[8039]: [session uid=0 pid=8039 pidfd=5] Successfully activated service 'org.freedesktop.portal.Desktop'
+ for _ in $(seq 1 160)
+ test -f /tmp/tmp.RXvQBkMOhU
+ kill -0 8047
+ sleep 0.1
dbus-daemon[8039]: [session uid=0 pid=8039 pidfd=5] Activating service name='org.a11y.Bus' requested by ':1.2' (uid=0 pid=8047 comm="python3 /__w/big-video-converter/big-video-convert" label="docker-default (enforce)")
dbus-daemon[8039]: [session uid=0 pid=8039 pidfd=5] Successfully activated service 'org.a11y.Bus'
+ for _ in $(seq 1 160)
+ test -f /tmp/tmp.RXvQBkMOhU
+ kill -0 8047
+ sleep 0.1
+ for _ in $(seq 1 160)
+ test -f /tmp/tmp.RXvQBkMOhU
+ kill -0 8047
+ sleep 0.1

(big-video-converter:8047): Gdk-WARNING **: 08:09:37.018: Vulkan: ../src/imagination/vulkan/pvr_instance.c:75: Failed to enumerate drm devices (errno 2: No such file or directory) (VK_ERROR_INITIALIZATION_FAILED)

(big-video-converter:8047): Gdk-WARNING **: 08:09:37.018: Vulkan: Loader Message: setup_loader_term_phys_devs: Call to 'vkEnumeratePhysicalDevices' in ICD /usr/lib64/libvulkan_powervr_mesa.so failed with error code -3

(big-video-converter:8047): Gdk-WARNING **: 08:09:37.018: Vulkan: ../src/imagination/vulkan/pvr_instance.c:75: Failed to enumerate drm devices (errno 2: No such file or directory) (VK_ERROR_INITIALIZATION_FAILED)

(big-video-converter:8047): Gdk-WARNING **: 08:09:37.018: Vulkan: Loader Message: setup_loader_term_phys_devs: Call to 'vkEnumeratePhysicalDevices' in ICD /usr/lib64/libvulkan_powervr_mesa.so failed with error code -3

(big-video-converter:8047): Gdk-WARNING **: 08:09:37.018: Vulkan: ../src/imagination/vulkan/pvr_instance.c:75: Failed to enumerate drm devices (errno 2: No such file or directory) (VK_ERROR_INITIALIZATION_FAILED)

(big-video-converter:8047): Gdk-WARNING **: 08:09:37.018: Vulkan: Loader Message: setup_loader_term_phys_devs: Call to 'vkEnumeratePhysicalDevices' in ICD /usr/lib64/libvulkan_powervr_mesa.so failed with error code -3

(big-video-converter:8047): Gdk-WARNING **: 08:09:37.018: Vulkan: ../src/imagination/vulkan/pvr_instance.c:75: Failed to enumerate drm devices (errno 2: No such file or directory) (VK_ERROR_INITIALIZATION_FAILED)

(big-video-converter:8047): Gdk-WARNING **: 08:09:37.018: Vulkan: Loader Message: setup_loader_term_phys_devs: Call to 'vkEnumeratePhysicalDevices' in ICD /usr/lib64/libvulkan_powervr_mesa.so failed with error code -3
+ for _ in $(seq 1 160)
+ test -f /tmp/tmp.RXvQBkMOhU
+ kill -0 8047
+ sleep 0.1
+ for _ in $(seq 1 160)
+ test -f /tmp/tmp.RXvQBkMOhU
+ kill -0 8047
+ sleep 0.1
+ for _ in $(seq 1 160)
+ test -f /tmp/tmp.RXvQBkMOhU
+ kill -0 8047
+ sleep 0.1
+ for _ in $(seq 1 160)
+ test -f /tmp/tmp.RXvQBkMOhU
+ kill -0 8047
+ sleep 0.1
+ for _ in $(seq 1 160)
+ test -f /tmp/tmp.RXvQBkMOhU
+ kill -0 8047
+ sleep 0.1
+ for _ in $(seq 1 160)
+ test -f /tmp/tmp.RXvQBkMOhU
+ kill -0 8047
+ sleep 0.1
+ for _ in $(seq 1 160)
+ test -f /tmp/tmp.RXvQBkMOhU
+ kill -0 8047
+ sleep 0.1
+ for _ in $(seq 1 160)
+ test -f /tmp/tmp.RXvQBkMOhU
+ kill -0 8047
+ sleep 0.1
+ for _ in $(seq 1 160)
+ test -f /tmp/tmp.RXvQBkMOhU
+ kill -0 8047
+ sleep 0.1
+ for _ in $(seq 1 160)
+ test -f /tmp/tmp.RXvQBkMOhU
+ kill -0 8047
+ sleep 0.1
+ for _ in $(seq 1 160)
+ test -f /tmp/tmp.RXvQBkMOhU
+ kill -0 8047
+ sleep 0.1
+ for _ in $(seq 1 160)
+ test -f /tmp/tmp.RXvQBkMOhU
+ kill -0 8047
+ sleep 0.1
+ for _ in $(seq 1 160)
+ test -f /tmp/tmp.RXvQBkMOhU
+ kill -0 8047
+ sleep 0.1
+ for _ in $(seq 1 160)
+ test -f /tmp/tmp.RXvQBkMOhU
+ kill -0 8047
+ sleep 0.1
+ for _ in $(seq 1 160)
+ test -f /tmp/tmp.RXvQBkMOhU
+ kill -0 8047
+ sleep 0.1
+ for _ in $(seq 1 160)
+ test -f /tmp/tmp.RXvQBkMOhU
+ kill -0 8047
+ sleep 0.1
dbus-daemon[8104]: Activating service name='org.a11y.atspi.Registry' requested by ':1.0' (uid=0 pid=8047 comm="python3 /__w/big-video-converter/big-video-convert" label="docker-default (enforce)")
dbus-daemon[8104]: Successfully activated service 'org.a11y.atspi.Registry'
SpiRegistry daemon is running with well-known name - org.a11y.atspi.Registry
+ for _ in $(seq 1 160)
+ test -f /tmp/tmp.RXvQBkMOhU
+ kill -0 8047
+ sleep 0.1
MPV: Error applying transform: 'DrawingArea' object has no attribute 'queue_render'
MPV: Error applying transform: 'DrawingArea' object has no attribute 'queue_render'
+ for _ in $(seq 1 160)
+ test -f /tmp/tmp.RXvQBkMOhU
+ kill -0 8047
+ sleep 0.1
+ for _ in $(seq 1 160)
+ test -f /tmp/tmp.RXvQBkMOhU
+ kill -0 8047
+ sleep 0.1
Home directory not accessible: Permission denied
[ALSOFT] (EE) Failed to connect PipeWire event context (errno: 112)
Home directory not accessible: Permission denied
Home directory not accessible: Permission denied
+ for _ in $(seq 1 160)
+ test -f /tmp/tmp.RXvQBkMOhU
+ kill -0 8047
+ sleep 0.1
+ for _ in $(seq 1 160)
+ test -f /tmp/tmp.RXvQBkMOhU
+ kill -0 8047
+ sleep 0.1
+ for _ in $(seq 1 160)
+ test -f /tmp/tmp.RXvQBkMOhU
+ kill -0 8047
+ sleep 0.1
+ for _ in $(seq 1 160)
+ test -f /tmp/tmp.RXvQBkMOhU
+ kill -0 8047
+ sleep 0.1
+ for _ in $(seq 1 160)
+ test -f /tmp/tmp.RXvQBkMOhU
+ kill -0 8047
+ sleep 0.1
+ for _ in $(seq 1 160)
+ test -f /tmp/tmp.RXvQBkMOhU
+ kill -0 8047
+ sleep 0.1
+ for _ in $(seq 1 160)
+ test -f /tmp/tmp.RXvQBkMOhU
+ kill -0 8047
+ sleep 0.1
+ for _ in $(seq 1 160)
+ test -f /tmp/tmp.RXvQBkMOhU
+ kill -0 8047
+ sleep 0.1
+ for _ in $(seq 1 160)
+ test -f /tmp/tmp.RXvQBkMOhU
+ kill -0 8047
+ sleep 0.1
+ for _ in $(seq 1 160)
+ test -f /tmp/tmp.RXvQBkMOhU
+ kill -0 8047
+ sleep 0.1
+ for _ in $(seq 1 160)
+ test -f /tmp/tmp.RXvQBkMOhU
+ kill -0 8047
+ sleep 0.1
+ for _ in $(seq 1 160)
+ test -f /tmp/tmp.RXvQBkMOhU
+ kill -0 8047
+ sleep 0.1
+ for _ in $(seq 1 160)
+ test -f /tmp/tmp.RXvQBkMOhU
+ kill -0 8047
+ sleep 0.1
+ for _ in $(seq 1 160)
+ test -f /tmp/tmp.RXvQBkMOhU
+ kill -0 8047
+ sleep 0.1
+ for _ in $(seq 1 160)
+ test -f /tmp/tmp.RXvQBkMOhU
+ kill -0 8047
+ sleep 0.1
+ for _ in $(seq 1 160)
+ test -f /tmp/tmp.RXvQBkMOhU
+ break
+ test -f /tmp/tmp.RXvQBkMOhU
+ sleep 0.6
++ xdotool getactivewindow
+ window=4194309
+ xdotool getwindowgeometry --shell 4194309
WINDOW=4194309
X=273
Y=190
WIDTH=1054
HEIGHT=620
SCREEN=0
+ import -window 4194309 screenshots/editor-compact-dark.png
+ cleanup
+ test -z 8047
+ kill 8047
+ rm -rf /tmp/tmp.8MnSOuma9p /tmp/tmp.GK73eIWAES /tmp/tmp.RXvQBkMOhU

(/usr/libexec/xdg-desktop-portal:8069): xdg-desktop-portal-WARNING **: 08:09:41.384: Failed to close session implementation: The connection is closed
capture_rc=0
screenshots/editor-compact-dark.png PNG 1054x620 1054x620+0+0 8-bit sRGB 93805B 0.000u 0:00.000
