+ set -eu
+ screen=editor
+ out=screenshots/editor-compact-light.png
+ theme=light
+ width=980
+ height=620
+++ dirname -- tools/capture_ui.sh
++ CDPATH=
++ cd -- tools/..
++ pwd
+ root=/__w/big-video-converter/big-video-converter
++ mktemp
+ ready=/tmp/tmp.0BE4n0zhp0
+ rm -f /tmp/tmp.0BE4n0zhp0
+ media=/__w/big-video-converter/big-video-converter/media
++ mktemp -d
+ export XDG_CONFIG_HOME=/tmp/tmp.55SbW4mw43
+ XDG_CONFIG_HOME=/tmp/tmp.55SbW4mw43
++ mktemp -d
+ export XDG_CACHE_HOME=/tmp/tmp.wnHZjXwZkN
+ XDG_CACHE_HOME=/tmp/tmp.wnHZjXwZkN
+ trap cleanup EXIT HUP INT TERM
+ pid=7770
+ python3 /__w/big-video-converter/big-video-converter/tools/ui_demo.py --screen editor --theme light --width 980 --height 620 --media-dir /__w/big-video-converter/big-video-converter/media --ready /tmp/tmp.0BE4n0zhp0 --auto-quit 30
++ seq 1 160
+ for _ in $(seq 1 160)
+ test -f /tmp/tmp.0BE4n0zhp0
+ kill -0 7770
+ sleep 0.1
+ for _ in $(seq 1 160)
+ test -f /tmp/tmp.0BE4n0zhp0
+ kill -0 7770
+ sleep 0.1
+ for _ in $(seq 1 160)
+ test -f /tmp/tmp.0BE4n0zhp0
+ kill -0 7770
+ sleep 0.1
+ for _ in $(seq 1 160)
+ test -f /tmp/tmp.0BE4n0zhp0
+ kill -0 7770
+ sleep 0.1
dbus-daemon[7762]: [session uid=0 pid=7762 pidfd=5] Activating service name='org.freedesktop.portal.Desktop' requested by ':1.2' (uid=0 pid=7770 comm="python3 /__w/big-video-converter/big-video-convert" label="docker-default (enforce)")
+ for _ in $(seq 1 160)
+ test -f /tmp/tmp.0BE4n0zhp0
+ kill -0 7770
+ sleep 0.1
dbus-daemon[7762]: [session uid=0 pid=7762 pidfd=5] Activating service name='org.freedesktop.impl.portal.PermissionStore' requested by ':1.3' (uid=0 pid=7792 comm="/usr/libexec/xdg-desktop-portal" label="docker-default (enforce)")
dbus-daemon[7762]: [session uid=0 pid=7762 pidfd=5] Successfully activated service 'org.freedesktop.impl.portal.PermissionStore'
dbus-daemon[7762]: [session uid=0 pid=7762 pidfd=5] Activating service name='org.freedesktop.portal.Documents' requested by ':1.3' (uid=0 pid=7792 comm="/usr/libexec/xdg-desktop-portal" label="docker-default (enforce)")
dbus-daemon[7762]: [session uid=0 pid=7762 pidfd=5] Successfully activated service 'org.freedesktop.portal.Documents'
fuse: device /dev/fuse not found. Kernel module not loaded?
error: fuse init failed: Can't mount path /github/home/.cache/doc

(/usr/libexec/xdg-desktop-portal:7792): xdg-desktop-portal-WARNING **: 08:09:31.512: Document portal fuse mount point unknown: GDBus.Error:org.freedesktop.DBus.Error.ServiceUnknown: The name :1.5 was not provided by any .service files

(/usr/libexec/xdg-desktop-portal:7792): xdg-desktop-portal-WARNING **: 08:09:31.512: Choosing gtk.portal for org.freedesktop.impl.portal.Access as a last-resort fallback
dbus-daemon[7762]: [session uid=0 pid=7762 pidfd=5] Activating service name='org.freedesktop.impl.portal.desktop.gtk' requested by ':1.3' (uid=0 pid=7792 comm="/usr/libexec/xdg-desktop-portal" label="docker-default (enforce)")

(xdg-desktop-portal-gtk:7812): xdg-desktop-portal-gtk-WARNING **: 08:09:31.531: error: Could not connect: No such file or directory

dbus-daemon[7762]: [session uid=0 pid=7762 pidfd=5] Successfully activated service 'org.freedesktop.impl.portal.desktop.gtk'

(/usr/libexec/xdg-desktop-portal:7792): xdg-desktop-portal-WARNING **: 08:09:31.548: Failed to create RealtimeKit proxy: Could not connect: No such file or directory

(/usr/libexec/xdg-desktop-portal:7792): xdg-desktop-portal-WARNING **: 08:09:31.548: Choosing gtk.portal for org.freedesktop.impl.portal.Settings as a last-resort fallback

(/usr/libexec/xdg-desktop-portal:7792): xdg-desktop-portal-WARNING **: 08:09:31.548: Choosing gtk.portal for org.freedesktop.impl.portal.FileChooser as a last-resort fallback

(/usr/libexec/xdg-desktop-portal:7792): xdg-desktop-portal-WARNING **: 08:09:31.549: Choosing gtk.portal for org.freedesktop.impl.portal.AppChooser as a last-resort fallback

(/usr/libexec/xdg-desktop-portal:7792): xdg-desktop-portal-WARNING **: 08:09:31.550: Choosing gtk.portal for org.freedesktop.impl.portal.Print as a last-resort fallback

(/usr/libexec/xdg-desktop-portal:7792): xdg-desktop-portal-WARNING **: 08:09:31.551: Choosing gtk.portal for org.freedesktop.impl.portal.Notification as a last-resort fallback

(/usr/libexec/xdg-desktop-portal:7792): xdg-desktop-portal-WARNING **: 08:09:31.551: Choosing gtk.portal for org.freedesktop.impl.portal.Inhibit as a last-resort fallback

(/usr/libexec/xdg-desktop-portal:7792): xdg-desktop-portal-WARNING **: 08:09:31.554: Failed to connect to PipeWire: Couldn't connect to PipeWire

(/usr/libexec/xdg-desktop-portal:7792): xdg-desktop-portal-WARNING **: 08:09:31.554: Choosing gtk.portal for org.freedesktop.impl.portal.Account as a last-resort fallback

(/usr/libexec/xdg-desktop-portal:7792): xdg-desktop-portal-WARNING **: 08:09:31.555: Choosing gtk.portal for org.freedesktop.impl.portal.Email as a last-resort fallback

(/usr/libexec/xdg-desktop-portal:7792): xdg-desktop-portal-WARNING **: 08:09:31.556: Choosing gtk.portal for org.freedesktop.impl.portal.DynamicLauncher as a last-resort fallback
dbus-daemon[7762]: [session uid=0 pid=7762 pidfd=5] Successfully activated service 'org.freedesktop.portal.Desktop'
+ for _ in $(seq 1 160)
+ test -f /tmp/tmp.0BE4n0zhp0
+ kill -0 7770
+ sleep 0.1
dbus-daemon[7762]: [session uid=0 pid=7762 pidfd=5] Activating service name='org.a11y.Bus' requested by ':1.2' (uid=0 pid=7770 comm="python3 /__w/big-video-converter/big-video-convert" label="docker-default (enforce)")
dbus-daemon[7762]: [session uid=0 pid=7762 pidfd=5] Successfully activated service 'org.a11y.Bus'
+ for _ in $(seq 1 160)
+ test -f /tmp/tmp.0BE4n0zhp0
+ kill -0 7770
+ sleep 0.1

(big-video-converter:7770): Gdk-WARNING **: 08:09:31.768: Vulkan: ../src/imagination/vulkan/pvr_instance.c:75: Failed to enumerate drm devices (errno 2: No such file or directory) (VK_ERROR_INITIALIZATION_FAILED)

(big-video-converter:7770): Gdk-WARNING **: 08:09:31.768: Vulkan: Loader Message: setup_loader_term_phys_devs: Call to 'vkEnumeratePhysicalDevices' in ICD /usr/lib64/libvulkan_powervr_mesa.so failed with error code -3

(big-video-converter:7770): Gdk-WARNING **: 08:09:31.768: Vulkan: ../src/imagination/vulkan/pvr_instance.c:75: Failed to enumerate drm devices (errno 2: No such file or directory) (VK_ERROR_INITIALIZATION_FAILED)

(big-video-converter:7770): Gdk-WARNING **: 08:09:31.768: Vulkan: Loader Message: setup_loader_term_phys_devs: Call to 'vkEnumeratePhysicalDevices' in ICD /usr/lib64/libvulkan_powervr_mesa.so failed with error code -3

(big-video-converter:7770): Gdk-WARNING **: 08:09:31.768: Vulkan: ../src/imagination/vulkan/pvr_instance.c:75: Failed to enumerate drm devices (errno 2: No such file or directory) (VK_ERROR_INITIALIZATION_FAILED)

(big-video-converter:7770): Gdk-WARNING **: 08:09:31.768: Vulkan: Loader Message: setup_loader_term_phys_devs: Call to 'vkEnumeratePhysicalDevices' in ICD /usr/lib64/libvulkan_powervr_mesa.so failed with error code -3

(big-video-converter:7770): Gdk-WARNING **: 08:09:31.768: Vulkan: ../src/imagination/vulkan/pvr_instance.c:75: Failed to enumerate drm devices (errno 2: No such file or directory) (VK_ERROR_INITIALIZATION_FAILED)

(big-video-converter:7770): Gdk-WARNING **: 08:09:31.768: Vulkan: Loader Message: setup_loader_term_phys_devs: Call to 'vkEnumeratePhysicalDevices' in ICD /usr/lib64/libvulkan_powervr_mesa.so failed with error code -3
+ for _ in $(seq 1 160)
+ test -f /tmp/tmp.0BE4n0zhp0
+ kill -0 7770
+ sleep 0.1
+ for _ in $(seq 1 160)
+ test -f /tmp/tmp.0BE4n0zhp0
+ kill -0 7770
+ sleep 0.1
+ for _ in $(seq 1 160)
+ test -f /tmp/tmp.0BE4n0zhp0
+ kill -0 7770
+ sleep 0.1
+ for _ in $(seq 1 160)
+ test -f /tmp/tmp.0BE4n0zhp0
+ kill -0 7770
+ sleep 0.1
+ for _ in $(seq 1 160)
+ test -f /tmp/tmp.0BE4n0zhp0
+ kill -0 7770
+ sleep 0.1
+ for _ in $(seq 1 160)
+ test -f /tmp/tmp.0BE4n0zhp0
+ kill -0 7770
+ sleep 0.1
+ for _ in $(seq 1 160)
+ test -f /tmp/tmp.0BE4n0zhp0
+ kill -0 7770
+ sleep 0.1
+ for _ in $(seq 1 160)
+ test -f /tmp/tmp.0BE4n0zhp0
+ kill -0 7770
+ sleep 0.1
+ for _ in $(seq 1 160)
+ test -f /tmp/tmp.0BE4n0zhp0
+ kill -0 7770
+ sleep 0.1
+ for _ in $(seq 1 160)
+ test -f /tmp/tmp.0BE4n0zhp0
+ kill -0 7770
+ sleep 0.1
+ for _ in $(seq 1 160)
+ test -f /tmp/tmp.0BE4n0zhp0
+ kill -0 7770
+ sleep 0.1
+ for _ in $(seq 1 160)
+ test -f /tmp/tmp.0BE4n0zhp0
+ kill -0 7770
+ sleep 0.1
+ for _ in $(seq 1 160)
+ test -f /tmp/tmp.0BE4n0zhp0
+ kill -0 7770
+ sleep 0.1
+ for _ in $(seq 1 160)
+ test -f /tmp/tmp.0BE4n0zhp0
+ kill -0 7770
+ sleep 0.1
+ for _ in $(seq 1 160)
+ test -f /tmp/tmp.0BE4n0zhp0
+ kill -0 7770
+ sleep 0.1
+ for _ in $(seq 1 160)
+ test -f /tmp/tmp.0BE4n0zhp0
+ kill -0 7770
+ sleep 0.1
+ for _ in $(seq 1 160)
+ test -f /tmp/tmp.0BE4n0zhp0
+ kill -0 7770
+ sleep 0.1
dbus-daemon[7827]: Activating service name='org.a11y.atspi.Registry' requested by ':1.0' (uid=0 pid=7770 comm="python3 /__w/big-video-converter/big-video-convert" label="docker-default (enforce)")
dbus-daemon[7827]: Successfully activated service 'org.a11y.atspi.Registry'
SpiRegistry daemon is running with well-known name - org.a11y.atspi.Registry
+ for _ in $(seq 1 160)
+ test -f /tmp/tmp.0BE4n0zhp0
+ kill -0 7770
+ sleep 0.1
MPV: Error applying transform: 'DrawingArea' object has no attribute 'queue_render'
MPV: Error applying transform: 'DrawingArea' object has no attribute 'queue_render'
+ for _ in $(seq 1 160)
+ test -f /tmp/tmp.0BE4n0zhp0
+ kill -0 7770
+ sleep 0.1
+ for _ in $(seq 1 160)
+ test -f /tmp/tmp.0BE4n0zhp0
+ kill -0 7770
+ sleep 0.1
Home directory not accessible: Permission denied
+ for _ in $(seq 1 160)
+ test -f /tmp/tmp.0BE4n0zhp0
+ kill -0 7770
+ sleep 0.1
[ALSOFT] (EE) Failed to connect PipeWire event context (errno: 112)
Home directory not accessible: Permission denied
Home directory not accessible: Permission denied
+ for _ in $(seq 1 160)
+ test -f /tmp/tmp.0BE4n0zhp0
+ kill -0 7770
+ sleep 0.1
+ for _ in $(seq 1 160)
+ test -f /tmp/tmp.0BE4n0zhp0
+ kill -0 7770
+ sleep 0.1
+ for _ in $(seq 1 160)
+ test -f /tmp/tmp.0BE4n0zhp0
+ kill -0 7770
+ sleep 0.1
+ for _ in $(seq 1 160)
+ test -f /tmp/tmp.0BE4n0zhp0
+ kill -0 7770
+ sleep 0.1
+ for _ in $(seq 1 160)
+ test -f /tmp/tmp.0BE4n0zhp0
+ kill -0 7770
+ sleep 0.1
+ for _ in $(seq 1 160)
+ test -f /tmp/tmp.0BE4n0zhp0
+ kill -0 7770
+ sleep 0.1
+ for _ in $(seq 1 160)
+ test -f /tmp/tmp.0BE4n0zhp0
+ kill -0 7770
+ sleep 0.1
+ for _ in $(seq 1 160)
+ test -f /tmp/tmp.0BE4n0zhp0
+ kill -0 7770
+ sleep 0.1
+ for _ in $(seq 1 160)
+ test -f /tmp/tmp.0BE4n0zhp0
+ kill -0 7770
+ sleep 0.1
+ for _ in $(seq 1 160)
+ test -f /tmp/tmp.0BE4n0zhp0
+ kill -0 7770
+ sleep 0.1
+ for _ in $(seq 1 160)
+ test -f /tmp/tmp.0BE4n0zhp0
+ kill -0 7770
+ sleep 0.1
+ for _ in $(seq 1 160)
+ test -f /tmp/tmp.0BE4n0zhp0
+ kill -0 7770
+ sleep 0.1
+ for _ in $(seq 1 160)
+ test -f /tmp/tmp.0BE4n0zhp0
+ kill -0 7770
+ sleep 0.1
+ for _ in $(seq 1 160)
+ test -f /tmp/tmp.0BE4n0zhp0
+ kill -0 7770
+ sleep 0.1
+ for _ in $(seq 1 160)
+ test -f /tmp/tmp.0BE4n0zhp0
+ kill -0 7770
+ sleep 0.1
+ for _ in $(seq 1 160)
+ test -f /tmp/tmp.0BE4n0zhp0
+ break
+ test -f /tmp/tmp.0BE4n0zhp0
+ sleep 0.6
++ xdotool getactivewindow
+ window=4194309
+ xdotool getwindowgeometry --shell 4194309
WINDOW=4194309
X=273
Y=190
WIDTH=1054
HEIGHT=620
SCREEN=0
+ import -window 4194309 screenshots/editor-compact-light.png
+ cleanup
+ test -z 7770
+ kill 7770
+ rm -rf /tmp/tmp.55SbW4mw43 /tmp/tmp.wnHZjXwZkN /tmp/tmp.0BE4n0zhp0

(/usr/libexec/xdg-desktop-portal:7792): xdg-desktop-portal-WARNING **: 08:09:36.269: Failed to close session implementation: The connection is closed
capture_rc=0
screenshots/editor-compact-light.png PNG 1054x620 1054x620+0+0 8-bit sRGB 93805B 0.000u 0:00.000
